// Jest Snapshot v1, https://goo.gl/fbAQLP

exports[`COMPONENT - SurveyButton LinkButton renders correctly 1`] = `
<a
  href="/"
  onClick={[Function]}
>
  <button
    className="sc-bdVaJa hZuWlY StyledButton-sc-323bzc-0 bmExQD"
    onBlur={[Function]}
    onFocus={[Function]}
    onMouseOut={[Function]}
    onMouseOver={[Function]}
    size="large"
    type="button"
  >
    test
  </button>
</a>
`;
