// Jest Snapshot v1, https://goo.gl/fbAQLP

exports[`COMPONENT - Footer renders correctly 1`] = `
<footer
  className="sc-bwzfXH hACxDC"
>
  <p
    className="sc-bdVaJa gxYkJN"
  >
    Randstad Sourceright (Hong Kong SAR) EA Licence No. 57155 | Randstad Sourceright (Singapore) EA
  </p>
</footer>
`;
