// Jest Snapshot v1, https://goo.gl/fbAQLP

exports[`COMPONENT - Footer renders correctly 1`] = `
<footer
  className="sc-bdVaJa lIDXo"
>
  <span
    className="StyledText-sc-1sadyjn-0 fWSbXS"
    size="medium"
  >
    Randstad Sourceright (Hong Kong SAR) EA Licence No. 57155 | Randstad Sourceright (Singapore) EA
  </span>
</footer>
`;
