// Jest Snapshot v1, https://goo.gl/fbAQLP

exports[`COMPONENT - Footer renders correctly 1`] = `
<div
  className="StyledGrommet-sc-19lkkz7-0 eUfLDp"
>
  <div
    className="StyledBox-sc-13pk1d4-0 gQCTx"
  >
    <span
      className="StyledText-sc-1sadyjn-0 hUyidw"
      size="medium"
    >
      Randstad Sourceright (Hong Kong SAR) EA Licence No. 57155 | Randstad Sourceright (Singapore) EA
    </span>
  </div>
</div>
`;
